[www.vitisrealty.com/index.html]
[backblue.gif]
[fade.gif]
[index.html]
[cdn1.brivityidx.com/assets/images/uploads/100590/Copy_of_V-CIRCLE-TEALWHITE-ON-TRANS.png]
[cdn1.brivityidx.com/assets/css/build-site.min22a7.css]
[cdn.branch.io/branch-latest.min.js]
[cdn1.brivityidx.com/assets/css/style-headers.css]
[cdn1.brivityidx.com/assets/css/style-premium.css]
[cdn1.brivityidx.com/assets/css/style-premium.min.css]
[cdn1.brivityidx.com/assets/css/style-content.css]
[cdn1.brivityidx.com/assets/css/style-footers.min.css]
[cdn1.brivityidx.com/idx-sites/1/5/2/15229/site_custom.css]
[connect.facebook.net/en_US/sdk.js]
[www.vitisrealty.com/myportal/collections.html]
[www.vitisrealty.com/myportal/searches.html]
[www.vitisrealty.com/myportal/reports.html]
[www.vitisrealty.com/myportal/profile.html]
[cdn1.brivityidx.com/assets/images/uploads/100590/team-logo-light.png]
[www.vitisrealty.com/search.html]
[www.vitisrealty.com/buying.html]
[www.vitisrealty.com/selling.html]
[www.vitisrealty.com/top_areas.html]
[www.vitisrealty.com/search7cc1.html]
[www.vitisrealty.com/search6e74.html]
[www.vitisrealty.com/search27d1.html]
[www.vitisrealty.com/search8b9f.html]
[www.vitisrealty.com/search1481.html]
[www.vitisrealty.com/financing.html]
[www.vitisrealty.com/realestateagent/search.html]
[www.vitisrealty.com/home_value.html]
[www.vitisrealty.com/home_value_zephyrhills.html]
[www.vitisrealty.com/dadecity_home_value.html]
[www.vitisrealty.com/wesley_chapel_home_value.html]
[www.vitisrealty.com/connect.html]
[sitebuilder.realvolution.com/elements/images/uploads/219/homevalue.jpg]
[cdn1.brivityidx.com/assets/images/uploads/219/promo-slide-13860.png]
[cdn1.brivityidx.com/assets/images/uploads/219/promo-slide-33860.png]
[cdn1.brivityidx.com/assets/images/uploads/219/promo-slide-43860.png]
[cdn1.brivityidx.com/assets/images/uploads/219/promo-slide-63860.png]
[www.vitisrealty.com/index-2.html]
[www.vitisrealty.com/homevalue.html]
[www.vitisrealty.com/privacy_policy.html]
[www.vitisrealty.com/tos.html]
[cdn1.brivityidx.com/assets/images/house1.png]
[cdn1.brivityidx.com/assets/images/search.png]
[cdn1.brivityidx.com/assets/images/contract.png]
[cdn1.brivityidx.com/assets/images/house3.png]
[www.vitisrealty.com/city.html]
[www.google.com/recaptcha/apie16d.js]
[cdn1.brivityidx.com/assets/js/build.min22a7.js]
[cdn1.brivityidx.com/assets/js/top_bar_v2.min22a7.js]
[cdn1.brivityidx.com/assets/js/jquery.geocomplete.min.js]
[cdnjs.cloudflare.com/ajax/libs/jquery.bootstrapvalidator/0.5.3/js/bootstrapValidator.min.js]
[cdn1.brivityidx.com/assets/js/menu2.js]
[cdn1.brivityidx.com/assets/js/quick_search.min.js]
[cdn1.brivityidx.com/assets/js/bluecma_comparables.minc8c4.js]
[cdn1.brivityidx.com/assets/js/home-value-redirection-block.mine209.js]
[cdn.jsdelivr.net/npm/react@16/umd/react.production.min.js]
[cdn.jsdelivr.net/npm/react-dom@16/umd/react-dom.production.min.js]
[cdn.jsdelivr.net/npm/@material-ui/core@v4.11.0/umd/material-ui.production.min.js]
[cdnjs.cloudflare.com/ajax/libs/babel-standalone/6.26.0/babel.min.js]
[cdnjs.cloudflare.com/ajax/libs/axios/0.19.2/axios.min.js]
[cdn1.brivityidx.com/assets/js/FeaturedProperties-1R-index.mine7c7.js]
[cdn1.brivityidx.com/assets/js/update_agent_info.min.js]
[www.googleadservices.com/pagead/f.txt]
[www.googleadservices.com/pagead/f-2.txt]
[www.vitisrealty.com/index.html]
[cdn1.brivityidx.com/assets/images/ajax-loader.gif]
[cdn1.brivityidx.com/assets/css/fonts/slick.eot]
[cdn1.brivityidx.com/assets/css/fonts/slickd41d.eot]
[cdn1.brivityidx.com/assets/css/fonts/slick.woff]
[cdn1.brivityidx.com/assets/css/fonts/slick.ttf]
[cdn1.brivityidx.com/assets/css/fonts/slick.svg]
[sitebuilder.realvolution.com/elements/images/uploads/1833/Frame_6.png]
[cdn1.brivityidx.com/assets/uploads/4888/c21-white-repeating-background.png]
[cdn1.brivityidx.com/assets/css/build-site.min22a7.css]
[cdn1.brivityidx.com/assets/css/style-headers.css]
[cdn1.brivityidx.com/assets/css/style-premium.css]
[cdn1.brivityidx.com/assets/css/style-premium.min.css]
[cdn1.brivityidx.com/assets/css/library-dd.css]
[cdn1.brivityidx.com/assets/css/style-content.css]
[cdn1.brivityidx.com/assets/css/style-footers.min.css]
[cdn1.brivityidx.com/idx-sites/1/5/2/15229/site_custom.css]
[cdn1.brivityidx.com/idx-sites/1/5/2/15229/global_js_variables.js]
[connect.facebook.net/en_US/sdk.js]
[www.vitisrealty.com/search-2.html]
[cdn1.brivityidx.com/assets/js/member_area_components.js]
[mobile-component-services-library-dev.s3.amazonaws.com/web-components.mincdfe.js]
[mobile-component-services-library.s3.amazonaws.com/collections_service.mincdfe.js]
[mobile-component-services-library.s3.amazonaws.com/messaging_service.mincdfe.js]
[www.vitisrealty.com/myportal/collections.html]
[www.vitisrealty.com/myportal/searches.html]
[www.vitisrealty.com/pages/contact.html]
[www.vitisrealty.com/myportal/[].65.delayed]
[cdn1.brivityidx.com/assets/images/mobile-library-images/loadinghouse.gif]
[www.vitisrealty.com/myportal/reports.html]
[cdn.jsdelivr.net/gh/GoogleChromeLabs/page-lifecycle@0.1.2/dist/lifecycle.es5.js]
[www.vitisrealty.com/myportal/profile.html]
[www.vitisrealty.com/myportal/agent.html]
[cdn1.brivityidx.com/assets/css/search-build.min22a7.css]
[cdn1.brivityidx.com/assets/images/spinner.gif]
[www.vitisrealty.com/search.html]
[cdn.jsdelivr.net/npm/lozad/dist/lozad.min.js]
[cdn1.brivityidx.com/assets/js/search-build.min50ce.js]
[sitebuilder.realvolution.com/elements/images/bg/family-couch.jpg]
[sitebuilder.realvolution.com/elements/images/uploads/219/sell-search-bg.jpg]
[sitebuilder.realvolution.com/elements/images/uploads/219/listings-geo-bg.png]
[sitebuilder.realvolution.com/elements/images/uploads/219/save-listing-img2.png]
[sitebuilder.realvolution.com/elements/images/uploads/219/sell-market-bg.jpg]
[www.vitisrealty.com/buying.html]
[sitebuilder.realvolution.com/elements/images/uploads/219/sell-img-3.jpg]
[sitebuilder.realvolution.com/elements/images/uploads/219/sell-img-1.jpg]
[sitebuilder.realvolution.com/elements/images/uploads/219/stats-img.png]
[sitebuilder.realvolution.com/elements/images/uploads/219/details-laptop.png]
[sitebuilder.realvolution.com/elements/images/uploads/219/sell-img-4.jpg]
[www.vitisrealty.com/selling.html]
[sitebuilder.realvolution.com/elements/images/uploads/219/brivity-laptop.png]
[ajax.googleapis.com/ajax/libs/webfont/1.5.3/webfont.js]
[cdn1.brivityidx.com/assets/js/menu4.js]
[www.vitisrealty.com/top_areas.html]
[www.vitisrealty.com/search7cc1.html]
[cdnjs.cloudflare.com/ajax/libs/bootstrap-hover-dropdown/2.2.1/bootstrap-hover-dropdown.min.js]
[www.vitisrealty.com/search6e74.html]
[www.vitisrealty.com/search27d1.html]
[www.vitisrealty.com/search8b9f.html]
[www.vitisrealty.com/search1481.html]
[sitebuilder.realvolution.com/elements/images/uploads/219/lending-bg.jpg]
[sitebuilder.realvolution.com/elements/images/uploads/219/preapproval-img.png]
[sitebuilder.realvolution.com/elements/images/uploads/219/lending-stats.jpg]
[sitebuilder.realvolution.com/elements/images/uploads/219/loan-officer.png]
[sitebuilder.realvolution.com/elements/images/uploads/219/processing-img.png]
[www.vitisrealty.com/financing.html]
[cdn.brivity.com/images/people/33132482/ab3d3cad18e4740f6432cdb979315bcd7c89e849-original074a.jpg]
[cdn.brivity.com/images/people/33132479/8414e6cfaa01e80b79b868eb0f087f5ef6d0698b-originalc09f.jpg]
[cdn.brivity.com/images/people/37433623/ee87af94dba014f5573182bbb9848c5f42e477c0-original929c.jpg]
[cdn.brivity.com/images/people/33132451/55a3c4367693f7c7df4e184d5c4f5670e6b75161-original56ec.jpg]
[www.vitisrealty.com/realestateagent/search.html]
[cdn1.brivityidx.com/assets/css/home-value-image.css]
[api.tiles.mapbox.com/mapbox-gl-js/v0.47.0/mapbox-gl.js]
[npmcdn.com/@turf/turf/turf.min.8f.delayed]
[npmcdn.com/@turf/turf@6.5.0/turf.min.js]
[cdn1.brivityidx.com/assets/js/HomeValue-1R-index.min6a72.js]
[www.vitisrealty.com/home_value.html]
[cdn1.brivityidx.com/assets/js/home-value-block-react.min99d8.js]
[www.vitisrealty.com/home_value_zephyrhills.html]
[cdn1.brivityidx.com/assets/js/HomeValue-3R-index.min6a72.js]
[www.vitisrealty.com/dadecity_home_value.html]
[www.vitisrealty.com/wesley_chapel_home_value.html]
[www.vitisrealty.com/connect.html]
[images.brivityidx.com/assets/images/uploads/100590/GettyImages-1199735432.html]
[www.vitisrealty.com/images/bg/office-hands-1.html]
[www.vitisrealty.com/images/bg/couple-new-home.html]
[www.vitisrealty.com/images/bg/living-room-4.html]
[www.vitisrealty.com/images/bg/family-living-room.html]
[www.vitisrealty.com/index-2.html]
[www.vitisrealty.com/homevalue.html]
[images.brivityidx.com/assets/images/uploads/100590/team-logo-green.html]
[images.brivityidx.com/assets/images/uploads/1428/Equal-Housing-Realtor_gray50.html]
[www.vitisrealty.com/privacy_policy.html]
[cdn1.brivityidx.com/assets/js/get_privacy_or_conditions.js]
[www.vitisrealty.com/tos.html]
[cdn1.brivityidx.com/assets/css/style-city.min.css]
[www.vitisrealty.com/homes-for-sale/FL/Air Mail Facility.9b.delayed]
[www.vitisrealty.com/sitemap/city/FL/Air+Mail+Facility.html]
[www.vitisrealty.com/homes-for-sale/FL/Alachua.9d.delayed]
[www.vitisrealty.com/sitemap/city/FL/Alachua.html]
[www.vitisrealty.com/homes-for-sale/FL/Alafaya]
[www.vitisrealty.com/sitemap/city/FL/Alafaya.html]
[www.vitisrealty.com/homes-for-sale/FL/Alford.a1.delayed]
[www.vitisrealty.com/sitemap/city/FL/Alford.html]
[www.vitisrealty.com/homes-for-sale/FL/Allandale.a3.delayed]
[www.vitisrealty.com/sitemap/city/FL/Allandale.html]
[www.vitisrealty.com/homes-for-sale/FL/Alligator Point.a5.delayed]
[www.vitisrealty.com/sitemap/city/FL/Alligator+Point.html]
[www.vitisrealty.com/homes-for-sale/FL/Alligator Pt.a7.delayed]
[www.vitisrealty.com/sitemap/city/FL/Alligator+Pt.html]
[www.vitisrealty.com/homes-for-sale/FL/Aloma]
[www.vitisrealty.com/sitemap/city/FL/Aloma.html]
[www.vitisrealty.com/homes-for-sale/FL/Altamonte Spg]
[www.vitisrealty.com/sitemap/city/FL/Altamonte+Spg.html]
[www.vitisrealty.com/homes-for-sale/FL/Altamonte Springs]
[www.vitisrealty.com/sitemap/city/FL/Altamonte+Springs.html]
[www.vitisrealty.com/homes-for-sale/FL/Altha]
[www.vitisrealty.com/sitemap/city/FL/Altha.html]
[www.vitisrealty.com/homes-for-sale/FL/Altoona]
[www.vitisrealty.com/sitemap/city/FL/Altoona.html]
[www.vitisrealty.com/homes-for-sale/FL/Alturas]
[www.vitisrealty.com/sitemap/city/FL/Alturas.html]
[www.vitisrealty.com/homes-for-sale/FL/Alva]
[www.vitisrealty.com/city.html]
[cdn1.brivityidx.com/assets/css/fonts/slick.svg]
[cdn1.brivityidx.com/assets/css/images/ui-bg_flat_75_ffffff_40x100.png]
[cdn1.brivityidx.com/assets/css/images/ui-bg_highlight-soft_75_cccccc_1x100.png]
[cdn1.brivityidx.com/assets/css/images/ui-bg_glass_75_e6e6e6_1x400.png]
[cdn1.brivityidx.com/assets/css/images/ui-bg_glass_75_dadada_1x400.png]
[cdn1.brivityidx.com/assets/css/images/ui-bg_glass_65_ffffff_1x400.png]
[cdn1.brivityidx.com/assets/css/images/ui-bg_glass_55_fbf9ee_1x400.png]
[cdn1.brivityidx.com/assets/css/images/ui-bg_glass_95_fef1ec_1x400.png]
[cdn1.brivityidx.com/assets/css/images/ui-icons_222222_256x240.png]
[cdn1.brivityidx.com/assets/css/images/ui-icons_888888_256x240.png]
[cdn1.brivityidx.com/assets/css/images/ui-icons_454545_256x240.png]
[cdn1.brivityidx.com/assets/css/images/ui-icons_2e83ff_256x240.png]
[cdn1.brivityidx.com/assets/css/images/ui-icons_cd0a0a_256x240.png]
[cdn1.brivityidx.com/assets/css/images/ui-bg_flat_0_aaaaaa_40x100.png]
[www.vitisrealty.com/js/member_area_components.html]
[www.vitisrealty.com/search-2.html]
[www.vitisrealty.com/pages/contact.html]
[www.vitisrealty.com/myportal/[].html]
[www.vitisrealty.com/myportal/agent.html]
[cdn1.brivityidx.com/assets/css/search-build.min22a7.css]
[cdn1.brivityidx.com/assets/css/search-template-look-v1.min.css]
[www.vitisrealty.com/css/search-template-look-v1.min.html]
[images.brivityidx.com/assets/images/uploads/4595/brivity-search-generic.html]
[images.brivityidx.com/assets/images/uploads/4595/save-search.html]
[images.brivityidx.com/assets/images/uploads/219/marketing-brivity-2021.html]
[images.brivityidx.com/assets/images/uploads/219/team-bg.html]
[images.brivityidx.com/assets/images/grey_placeholder7943.html]
[www.vitisrealty.com/realestateagent/js/build.min.html]
[cdn1.brivityidx.com/assets/css/home-value-image.css]
[images.brivityidx.com/assets/images/uploads/100590/ZCH-08_scaled.html]
[images.brivityidx.com/assets/images/uploads/100590/4-3-2.html]
[images.brivityidx.com/assets/images/uploads/100590/wc2.html]
[images.brivityidx.com/assets/images/uploads/219/int-33.html]
[cdn1.brivityidx.com/assets/css/style-basic.css]
[cdn1.brivityidx.com/assets/css/style-city.min.css]
[www.vitisrealty.com/sitemap/city/FL/Air+Mail+Facility.html]
[www.vitisrealty.com/sitemap/city/FL/Alachua.html]
[www.vitisrealty.com/sitemap/city/FL/Alafaya.html]
[www.vitisrealty.com/sitemap/city/FL/Alford.html]
[www.vitisrealty.com/sitemap/city/FL/Allandale.html]
[www.vitisrealty.com/sitemap/city/FL/Alligator+Point.html]
[www.vitisrealty.com/sitemap/city/FL/Alligator+Pt.html]
[www.vitisrealty.com/sitemap/city/FL/Aloma.html]
[www.vitisrealty.com/sitemap/city/FL/Altamonte+Spg.html]
[www.vitisrealty.com/sitemap/city/FL/Altamonte+Springs.html]
[www.vitisrealty.com/sitemap/city/FL/Altha.html]
[www.vitisrealty.com/sitemap/city/FL/Altoona.html]
[www.vitisrealty.com/sitemap/city/FL/Alturas.html]
[www.vitisrealty.com/sitemap/city/FL/Alva.html]
[www.vitisrealty.com/sitemap/city/FL/Alva.html]
